data/history/22003303123.csv
time,date,itemid,price,discount,price_before_discount,stock,sold,item_status,cmt_count,liked_count
1670667610,20221210,22003303123,22562000,50%,45124000,10160,18,normal,10,284
1670668752,20221210,22003303123,22562000,50%,45124000,10160,18,normal,10,285
1670670926,20221210,22003303123,22562000,50%,45124000,10160,18,normal,10,287
1670678582,20221210,22003303123,22562000,50%,45124000,10160,18,normal,10,288
1670699702,20221210,22003303123,22562000,50%,45124000,10160,19,normal,10,288
1670703592,20221210,22003303123,22562000,50%,45124000,10158,19,normal,10,288
1670708305,20221210,22003303123,22562000,50%,45124000,10158,19,normal,10,289
1670723294,20221211,22003303123,22562000,50%,45124000,10158,19,normal,10,289
1670727151,20221211,22003303123,22562000,50%,45124000,10157,19,normal,10,289
1670729116,20221211,22003303123,22562000,50%,45124000,10158,19,normal,10,289
1670735854,20221211,22003303123,22562000,50%,45124000,10158,19,normal,10,290
1670737089,20221211,22003303123,22562000,50%,45124000,10158,19,normal,10,291
1670768234,20221211,22003303123,22562000,50%,45124000,10158,19,normal,10,292
1670771935,20221211,22003303123,22562000,50%,45124000,10158,19,normal,10,293
1670775997,20221211,22003303123,22562000,50%,45124000,10157,19,normal,10,293
1670786111,20221211,22003303123,22562000,50%,45124000,10157,20,normal,10,293
1670789999,20221211,22003303123,22562000,50%,45124000,10158,20,normal,10,293
1670794701,20221211,22003303123,22562000,50%,45124000,10158,20,normal,10,292
1670797095,20221211,22003303123,22562000,50%,45124000,10158,20,normal,10,293
1670800775,20221211,22003303123,22562000,50%,45124000,10157,20,normal,10,294
1670809445,20221212,22003303123,22562000,50%,45124000,10157,20,normal,10,294
1670813478,20221212,22003303123,22562000,50%,45124000,10157,20,normal,10,295
1670855939,20221212,22003303123,22562000,50%,45124000,10156,20,normal,10,295
1670859649,20221212,22003303123,22562000,50%,45124000,10155,20,normal,10,296
1670864001,20221212,22003303123,22562000,50%,45124000,10154,20,normal,10,296
1670869509,20221212,22003303123,22562000,50%,45124000,10153,20,normal,10,296
1670870603,20221212,22003303123,22562000,50%,45124000,10152,20,normal,10,296
1670872706,20221212,22003303123,22562000,50%,45124000,10152,22,normal,10,296
1670883568,20221212,22003303123,22562000,50%,45124000,10152,22,normal,11,296
1670887280,20221212,22003303123,22562000,50%,45124000,10152,22,normal,11,298
1670896000,20221213,22003303123,22562000,50%,45124000,10152,22,normal,11,299
1670900063,20221213,22003303123,22562000,50%,45124000,10152,22,normal,11,301
1670902065,20221213,22003303123,22562000,50%,45124000,10152,22,normal,11,302
1670930197,20221213,22003303123,22562000,50%,45124000,10152,22,normal,12,302
1670935074,20221213,22003303123,22562000,50%,45124000,10152,22,normal,12,303
1670946143,20221213,22003303123,22562000,50%,45124000,10152,22,normal,13,303
1670948918,20221213,22003303123,22562000,50%,45124000,10151,22,normal,13,303
1670955870,20221213,22003303123,22562000,50%,45124000,10150,22,normal,13,303
1670958953,20221213,22003303123,22562000,50%,45124000,10150,27,normal,13,303
1670960286,20221213,22003303123,22562000,50%,45124000,10148,27,normal,13,303
1670962871,20221213,22003303123,22562000,50%,45124000,10147,27,normal,14,303
1670967534,20221213,22003303123,22562000,50%,45124000,10146,27,normal,14,303
1670969943,20221213,22003303123,22562000,50%,45124000,10145,27,normal,14,304
1670974768,20221213,22003303123,22562000,50%,45124000,10144,27,normal,14,304
1670982170,20221214,22003303123,22562000,50%,45124000,10144,27,normal,14,306
1670991901,20221214,22003303123,22562000,50%,45124000,10143,27,normal,14,305
1671014442,20221214,22003303123,22562000,50%,45124000,10142,27,normal,14,305
1671027497,20221214,22003303123,22562000,50%,45124000,10142,27,normal,14,304
1671032430,20221214,22003303123,22562000,50%,45124000,10143,27,normal,14,304
1671035310,20221214,22003303123,22562000,50%,45124000,10142,27,normal,14,304
1671036666,20221214,22003303123,22562000,50%,45124000,9999,27,normal,14,304
1671042242,20221214,22003303123,22562000,50%,45124000,9998,27,normal,14,304
1671046682,20221214,22003303123,22562000,50%,45124000,9999,29,normal,14,304
1671049267,20221214,22003303123,22562000,50%,45124000,9998,29,normal,14,304
1671061149,20221214,22003303123,22562000,50%,45124000,9997,29,normal,14,304
1671068714,20221215,22003303123,22562000,50%,45124000,9995,29,normal,14,304
1671072633,20221215,22003303123,22562000,50%,45124000,9995,29,normal,14,305
1671078315,20221215,22003303123,22562000,50%,45124000,9996,29,normal,14,306
1671089881,20221215,22003303123,22562000,50%,45124000,9996,29,normal,15,306
1671093777,20221215,22003303123,22562000,50%,45124000,9999,29,normal,15,306
1671099720,20221215,22003303123,22562000,50%,45124000,9999,29,normal,15,307
1671107888,20221215,22003303123,22562000,50%,45124000,9999,29,normal,15,308
1671117656,20221215,22003303123,22562000,50%,45124000,9997,29,normal,15,308
1671121743,20221215,22003303123,22562000,50%,45124000,9997,29,normal,15,309
1671129568,20221215,22003303123,22562000,50%,45124000,9997,29,normal,15,310
1671131705,20221215,22003303123,22562000,50%,45124000,9996,29,normal,16,310
1671133082,20221215,22003303123,22562000,50%,45124000,9996,31,normal,16,310
1671140295,20221215,22003303123,22562000,50%,45124000,9997,31,normal,16,311
1671142672,20221215,22003303123,22562000,50%,45124000,9997,31,normal,16,312
1671143897,20221215,22003303123,22562000,50%,45124000,9997,31,normal,17,312
1671146412,20221215,22003303123,22562000,50%,45124000,9999,31,normal,17,314
1671154460,20221216,22003303123,22562000,50%,45124000,10000,31,normal,17,315
1671196977,20221216,22003303123,22562000,50%,45124000,10000,31,normal,17,316
1671197881,20221216,22003303123,22562000,50%,45124000,10000,31,normal,18,316
1671204061,20221216,22003303123,22562000,50%,45124000,10001,31,normal,18,316
1671205167,20221216,22003303123,22562000,50%,45124000,10000,31,normal,18,317
1671207986,20221216,22003303123,22562000,50%,45124000,10000,31,normal,18,318
1671212287,20221216,22003303123,22562000,50%,45124000,10000,31,normal,18,319
1671218103,20221216,22003303123,22562000,50%,45124000,10001,31,normal,18,320
1671219492,20221216,22003303123,22562000,50%,45124000,10001,36,normal,18,320
1671226690,20221216,22003303123,22562000,50%,45124000,10001,36,normal,18,321
1671232727,20221216,22003303123,22562000,50%,45124000,10001,36,normal,18,322
1671233912,20221216,22003303123,22562000,50%,45124000,10001,36,normal,18,323
1671240874,20221217,22003303123,22562000,50%,45124000,10001,36,normal,18,323
1671248300,20221217,22003303123,22562000,50%,45124000,10001,36,normal,18,324
1671275655,20221217,22003303123,22562000,50%,45124000,10001,36,normal,18,325
1671304436,20221217,22003303123,22562000,50%,45124000,10001,38,normal,18,325
1671305887,20221217,22003303123,22562000,50%,45124000,10001,38,normal,18,324
1671308289,20221217,22003303123,22562000,50%,45124000,10002,38,normal,18,324
1671315416,20221217,22003303123,22562000,50%,45124000,10002,38,normal,18,325
1671316699,20221217,22003303123,22562000,50%,45124000,10001,38,normal,18,326
1671327365,20221218,22003303123,22562000,50%,45124000,10001,38,normal,18,326
1671331000,20221218,22003303123,22562000,50%,45124000,10000,38,normal,18,326
1671333586,20221218,22003303123,22562000,50%,45124000,10000,38,normal,18,327
1671358720,20221218,22003303123,22562000,50%,45124000,10000,38,normal,18,328
1671380683,20221218,22003303123,22562000,50%,45124000,10000,38,normal,18,329
1671401815,20221218,22003303123,22562000,50%,45124000,10000,38,normal,18,330
1671413637,20221219,22003303123,22562000,50%,45124000,10000,38,normal,18,332
1671417343,20221219,22003303123,22562000,50%,45124000,10001,38,normal,19,334
1671421115,20221219,22003303123,22562000,50%,45124000,10000,38,normal,19,335
1671423781,20221219,22003303123,22562000,50%,45124000,10000,38,normal,19,336
1671441535,20221219,22003303123,22562000,50%,45124000,10000,38,normal,19,337
1671463350,20221219,22003303123,22562000,50%,45124000,10000,38,normal,19,338
1671467364,20221219,22003303123,22562000,50%,45124000,9998,38,normal,19,338
1671474234,20221219,22003303123,22562000,50%,45124000,9998,38,normal,20,338
1671481282,20221219,22003303123,22562000,50%,45124000,9998,38,normal,21,338
1671485912,20221219,22003303123,22562000,50%,45124000,9998,38,normal,21,339
1671488288,20221219,22003303123,22562000,50%,45124000,9997,38,normal,21,339
1671491948,20221219,22003303123,22562000,50%,45124000,9996,38,normal,21,339
1671500223,20221220,22003303123,22562000,50%,45124000,9995,38,normal,21,342
1671506443,20221220,22003303123,22562000,50%,45124000,9995,38,normal,21,343
1671507488,20221220,22003303123,22562000,50%,45124000,9994,38,normal,21,343
1671549718,20221220,22003303123,22562000,50%,45124000,9992,38,normal,21,343
1671550855,20221220,22003303123,22562000,50%,45124000,9992,38,normal,22,343
1671553686,20221220,22003303123,22562000,50%,45124000,9993,38,normal,22,343
1671554945,20221220,22003303123,22562000,50%,45124000,9994,38,normal,22,343
1671561697,20221220,22003303123,22562000,50%,45124000,9994,38,normal,22,344
1671563709,20221220,22003303123,22562000,50%,45124000,9994,41,normal,22,344
1671568724,20221220,22003303123,22562000,50%,45124000,9993,41,normal,22,344
1671572296,20221220,22003303123,22562000,50%,45124000,9992,41,normal,22,344
1671574685,20221220,22003303123,22562000,50%,45124000,9992,41,normal,22,345
1671578360,20221220,22003303123,22562000,50%,45124000,9991,41,normal,22,347
1671586406,20221221,22003303123,22562000,50%,45124000,9991,41,normal,22,347
1671596611,20221221,22003303123,22562000,50%,45124000,9991,41,normal,22,348
1671608294,20221221,22003303123,22562000,50%,45124000,9991,41,normal,22,349
1671629017,20221221,22003303123,22562000,50%,45124000,9991,41,normal,23,350
1671636053,20221221,22003303123,22562000,50%,45124000,9992,41,normal,23,350
1671641324,20221221,22003303123,22562000,50%,45124000,9991,41,normal,23,350
1671651487,20221221,22003303123,22562000,50%,45124000,9991,45,normal,23,350
1671653973,20221221,22003303123,22562000,50%,45124000,9991,45,normal,24,350
1671657421,20221221,22003303123,22562000,50%,45124000,9992,45,normal,24,350
1671658689,20221221,22003303123,22562000,50%,45124000,9992,45,normal,24,351
1671662289,20221221,22003303123,22562000,50%,45124000,9992,45,normal,24,350
1671672944,20221222,22003303123,22562000,50%,45124000,9992,45,normal,24,351
1671682986,20221222,22003303123,22562000,50%,45124000,9991,45,normal,24,351
1671684082,20221222,22003303123,22562000,50%,45124000,9991,45,normal,24,352
1671698457,20221222,22003303123,22562000,50%,45124000,9991,45,normal,25,352
1671701900,20221222,22003303123,22562000,50%,45124000,9991,45,normal,26,352
1671704444,20221222,22003303123,22562000,50%,45124000,9991,45,normal,26,353
1671707751,20221222,22003303123,22562000,50%,45124000,9991,45,normal,27,353
1671709087,20221222,22003303123,22562000,50%,45124000,9990,45,normal,27,353
1671719897,20221222,22003303123,22562000,50%,45124000,9990,45,normal,28,353
1671729433,20221222,22003303123,22562000,50%,45124000,9991,45,normal,29,353
1671736492,20221222,22003303123,22562000,50%,45124000,9991,51,normal,29,353
1671752301,20221222,22003303123,22562000,50%,45124000,9991,51,normal,30,353
1671759368,20221223,22003303123,22562000,50%,45124000,9990,51,normal,30,353
1671763174,20221223,22003303123,22562000,50%,45124000,9989,51,normal,30,353
1671766721,20221223,22003303123,22562000,50%,45124000,9989,51,normal,30,354
1671769375,20221223,22003303123,22562000,50%,45124000,9989,51,normal,30,353
1671772637,20221223,22003303123,22562000,50%,45124000,9989,51,normal,30,354
1671779818,20221223,22003303123,22562000,50%,45124000,9989,51,normal,30,355
1671798894,20221223,22003303123,22562000,50%,45124000,9988,51,normal,31,355
1671801802,20221223,22003303123,22562000,50%,45124000,9988,51,normal,32,355
1671802689,20221223,22003303123,22562000,50%,45124000,9988,51,normal,32,356
1671804998,20221223,22003303123,22562000,50%,45124000,9988,51,normal,33,356
1671812763,20221223,22003303123,22562000,50%,45124000,9987,51,normal,33,356
1671813960,20221223,22003303123,22562000,50%,45124000,9986,51,normal,33,356
1671824294,20221223,22003303123,22562000,50%,45124000,9986,58,normal,33,356
1671838717,20221223,22003303123,22562000,50%,45124000,9986,58,normal,34,357
1671845083,20221224,22003303123,22562000,50%,45124000,9986,58,normal,35,357
1671848467,20221224,22003303123,22562000,50%,45124000,9986,58,normal,36,358
1671849988,20221224,22003303123,22562000,50%,45124000,9987,58,normal,36,358
1671851999,20221224,22003303123,22562000,50%,45124000,9987,58,normal,37,358
1671870160,20221224,22003303123,22562000,50%,45124000,9987,58,normal,37,359
1671873408,20221224,22003303123,22562000,50%,45124000,9986,58,normal,37,359
1671881885,20221224,22003303123,22562000,50%,45124000,9986,58,normal,37,360
1671885169,20221224,22003303123,22562000,50%,45124000,9987,58,normal,37,360
1671895075,20221224,22003303123,22562000,50%,45124000,9987,58,normal,38,360
1671899114,20221224,22003303123,22562000,50%,45124000,9988,58,normal,38,361
1671900278,20221224,22003303123,22562000,50%,45124000,9989,58,normal,38,361
1671909234,20221224,22003303123,22562000,50%,45124000,9989,58,normal,38,362
1671910686,20221224,22003303123,22562000,50%,45124000,9989,64,normal,38,362
1671916531,20221224,22003303123,22562000,50%,45124000,9989,64,normal,38,363
1671921487,20221224,22003303123,22562000,50%,45124000,9989,64,normal,38,364
1671932409,20221225,22003303123,22562000,50%,45124000,9989,64,normal,38,364
1671942148,20221225,22003303123,22562000,50%,45124000,9989,64,normal,38,365
1671943244,20221225,22003303123,22562000,50%,45124000,9988,64,normal,38,365
1671945397,20221225,22003303123,22562000,50%,45124000,9988,64,normal,38,366
1671979080,20221225,22003303123,22562000,50%,45124000,9988,64,normal,38,367
1672018580,20221226,22003303123,22562000,50%,45124000,9988,64,normal,38,367
1672039026,20221226,22003303123,22562000,50%,45124000,9987,64,normal,38,367
1672051120,20221226,22003303123,22562000,50%,45124000,9987,64,normal,38,368
1672085956,20221226,22003303123,22562000,50%,45124000,9987,63,normal,38,368
1672090685,20221226,22003303123,22562000,50%,45124000,9987,63,normal,39,368
1672104902,20221227,22003303123,22562000,50%,45124000,9987,63,normal,39,371
1672111229,20221227,22003303123,22562000,50%,45124000,9987,63,normal,39,372
1672118230,20221227,22003303123,22562000,50%,45124000,9987,63,normal,40,372
1672126681,20221227,22003303123,22562000,50%,45124000,9988,63,normal,40,372
1672136408,20221227,22003303123,22562000,50%,45124000,9988,63,normal,41,372
1672162692,20221227,22003303123,22562000,50%,45124000,9988,63,normal,41,373
1672165355,20221227,22003303123,22562000,50%,45124000,9988,63,normal,41,374
1672166429,20221227,22003303123,22562000,50%,45124000,9988,63,normal,42,374
1672168485,20221227,22003303123,22562000,50%,45124000,9988,66,normal,42,374
1672175768,20221227,22003303123,22562000,50%,45124000,9987,66,normal,42,374
1672180688,20221227,22003303123,22562000,50%,45124000,9987,66,normal,42,375
1672183177,20221227,22003303123,22562000,50%,45124000,9988,66,normal,43,375
1672184307,20221227,22003303123,22562000,50%,45124000,9988,66,normal,43,376
1672191321,20221228,22003303123,22562000,50%,45124000,9988,66,normal,44,377
1672213087,20221228,22003303123,21275000,53%,45124000,9988,66,normal,44,377
1672230876,20221228,22003303123,21275000,53%,45124000,9988,66,normal,45,377
1672233774,20221228,22003303123,21275000,53%,45124000,9988,66,normal,45,378
1672245961,20221228,22003303123,21275000,53%,45124000,9987,66,normal,45,378
1672254895,20221228,22003303123,21275000,53%,45124000,9987,73,normal,45,378
1672258765,20221228,22003303123,21275000,53%,45124000,9987,73,normal,46,378
1672265879,20221228,22003303123,21275000,53%,45124000,9986,73,normal,46,378
1672267087,20221228,22003303123,21275000,53%,45124000,9985,73,normal,46,378
1672269526,20221228,22003303123,21275000,53%,45124000,9985,73,normal,46,379
1672270713,20221228,22003303123,21275000,53%,45124000,9985,73,normal,47,379
1672277866,20221229,22003303123,21275000,53%,45124000,9985,73,normal,47,382
1672281571,20221229,22003303123,21275000,53%,45124000,9985,73,normal,48,381
1672287816,20221229,22003303123,21275000,53%,45124000,9984,73,normal,48,381
1672299483,20221229,22003303123,21275000,53%,45124000,9983,73,normal,48,381
1672305463,20221229,22003303123,21275000,53%,45124000,9982,73,normal,48,381
1672320152,20221229,22003303123,21275000,53%,45124000,9982,73,normal,48,382
1672327152,20221229,22003303123,21275000,53%,45124000,9981,73,normal,48,382
1672332379,20221229,22003303123,21275000,53%,45124000,9981,73,normal,48,383
1672342683,20221229,22003303123,21275000,53%,45124000,9981,80,normal,48,383
1672345182,20221229,22003303123,21275000,53%,45124000,9981,80,normal,49,383
1672348586,20221229,22003303123,21275000,53%,45124000,9981,80,normal,49,384
1672364271,20221230,22003303123,21275000,53%,45124000,9981,80,normal,49,385
1672370435,20221230,22003303123,21275000,53%,45124000,9979,80,normal,49,386
1672403624,20221230,22003303123,21275000,53%,45124000,9979,80,normal,49,387
1672406560,20221230,22003303123,21275000,53%,45124000,9980,80,normal,49,387
1672413527,20221230,22003303123,21275000,53%,45124000,9978,80,normal,50,387
1672421879,20221230,22003303123,21275000,53%,45124000,9977,80,normal,50,387
1672427676,20221230,22003303123,21275000,53%,45124000,9977,83,normal,50,388
1672431555,20221230,22003303123,21275000,53%,45124000,9977,83,normal,50,389
1672434959,20221230,22003303123,21275000,53%,45124000,9976,83,normal,50,389
1672443509,20221230,22003303123,21275000,53%,45124000,9976,83,normal,51,389
1672450525,20221231,22003303123,21275000,53%,45124000,9975,83,normal,52,391
1672460554,20221231,22003303123,21275000,53%,45124000,9975,83,normal,52,392
1672479499,20221231,22003303123,21275000,53%,45124000,9975,83,normal,52,393
1672489954,20221231,22003303123,21275000,53%,45124000,9974,83,normal,52,393
1672493899,20221231,22003303123,21275000,53%,45124000,9974,83,normal,52,394
