data/history/22003303123.csv
time,date,itemid,price,discount,price_before_discount,stock,sold,item_status,cmt_count,liked_count
1673997589,20230117,22003303123,22052000,51%,45124000,193,100,normal,75,526
1674006129,20230118,22003303123,22052000,51%,45124000,193,100,normal,75,527
1674012077,20230118,22003303123,22052000,51%,45124000,193,100,normal,75,528
1674055256,20230118,22003303123,22052000,51%,45124000,193,100,normal,75,529
1674059243,20230118,22003303123,22052000,51%,45124000,193,100,normal,75,530
1674066195,20230118,22003303123,22052000,51%,45124000,192,100,normal,75,530
1674069323,20230118,22003303123,22052000,51%,45124000,191,102,normal,75,530
1674083974,20230118,22003303123,22052000,51%,45124000,191,102,normal,75,531
1674092589,20230119,22003303123,22052000,51%,45124000,191,102,normal,75,533
1674096537,20230119,22003303123,22052000,51%,45124000,190,102,normal,75,533
1674105501,20230119,22003303123,22052000,51%,45124000,190,102,normal,75,534
1674109459,20230119,22003303123,22052000,51%,45124000,190,102,normal,75,535
1674127002,20230119,22003303123,22052000,51%,45124000,189,102,normal,75,536
1674134810,20230119,22003303123,22052000,51%,45124000,188,102,normal,75,536
1674145678,20230119,22003303123,22052000,51%,45124000,188,102,normal,76,536
1674149887,20230119,22003303123,22052000,51%,45124000,187,102,normal,76,536
1674152683,20230119,22003303123,22052000,51%,45124000,188,102,normal,76,536
1674159631,20230119,22003303123,22052000,51%,45124000,188,104,normal,76,536
1674164307,20230119,22003303123,22052000,51%,45124000,188,104,normal,77,536
1674166729,20230119,22003303123,22052000,51%,45124000,188,104,normal,78,536
1674170424,20230119,22003303123,22052000,51%,45124000,188,104,normal,79,536
1674178906,20230120,22003303123,22052000,51%,45124000,187,104,normal,80,536
1674182933,20230120,22003303123,22052000,51%,45124000,185,104,normal,80,537
1674213376,20230120,22003303123,22052000,51%,45124000,186,104,normal,80,537
1674214694,20230120,22003303123,22052000,51%,45124000,186,104,normal,80,538
1674218273,20230120,22003303123,22052000,51%,45124000,186,104,normal,81,538
1674221157,20230120,22003303123,22052000,51%,45124000,186,104,normal,81,539
1674228051,20230120,22003303123,22052000,51%,45124000,186,104,normal,82,539
1674229198,20230120,22003303123,22052000,51%,45124000,185,104,normal,82,539
1674246018,20230120,22003303123,22052000,51%,45124000,185,106,normal,82,539
1674256744,20230120,22003303123,22052000,51%,45124000,184,106,normal,83,540
1674265127,20230121,22003303123,22052000,51%,45124000,182,106,normal,83,540
1674271233,20230121,22003303123,22052000,51%,45124000,182,106,normal,83,541
1674299680,20230121,22003303123,22052000,51%,45124000,182,106,normal,83,542
1674315499,20230121,22003303123,22052000,51%,45124000,183,106,normal,83,542
1674332333,20230121,22003303123,22052000,51%,45124000,182,101,normal,83,542
1674333500,20230121,22003303123,22052000,51%,45124000,181,101,normal,83,542
1674344294,20230121,22003303123,22052000,51%,45124000,180,101,normal,83,542
1674351871,20230122,22003303123,22052000,51%,45124000,181,101,normal,83,543
1674382751,20230122,22003303123,22052000,51%,45124000,180,101,normal,83,543
1674390845,20230122,22003303123,22052000,51%,45124000,180,101,normal,83,544
1674400692,20230122,22003303123,22052000,51%,45124000,180,101,normal,84,544
1674409082,20230122,22003303123,22052000,51%,45124000,179,101,normal,84,544
1674418733,20230122,22003303123,22052000,51%,45124000,180,94,normal,84,544
1674423484,20230122,22003303123,22052000,51%,45124000,180,94,normal,84,543
1674427096,20230122,22003303123,22052000,51%,45124000,179,94,normal,84,543
1674429526,20230122,22003303123,22052000,51%,45124000,180,94,normal,84,543
1674430699,20230122,22003303123,22052000,51%,45124000,179,94,normal,84,543
1674437946,20230123,22003303123,22052000,51%,45124000,179,94,normal,84,544
1674444036,20230123,22003303123,21346000,53%,45124000,9960,94,normal,84,544
1674491217,20230123,22003303123,21346000,53%,45124000,9960,94,normal,85,544
1674495491,20230123,22003303123,21346000,53%,45124000,9959,94,normal,85,544
1674499277,20230123,22003303123,21346000,53%,45124000,9959,94,normal,86,544
1674501323,20230123,22003303123,21346000,53%,45124000,9959,88,normal,86,544
1674524444,20230124,22003303123,21346000,53%,45124000,9959,88,normal,86,543
1674558942,20230124,22003303123,21346000,53%,45124000,9959,88,normal,86,545
1674566649,20230124,22003303123,21346000,53%,45124000,9959,88,normal,86,546
1674574682,20230124,22003303123,21346000,53%,45124000,9959,88,normal,87,546
1674577615,20230124,22003303123,21346000,53%,45124000,9958,88,normal,87,546
1674578835,20230124,22003303123,21346000,53%,45124000,9958,88,normal,87,545
1674581901,20230124,22003303123,21346000,53%,45124000,9959,88,normal,87,545
1674584604,20230124,22003303123,21346000,53%,45124000,9958,88,normal,87,545
1674587711,20230124,22003303123,21346000,53%,45124000,9957,88,normal,87,545
1674591594,20230124,22003303123,21346000,53%,45124000,9957,92,normal,87,546
1674598693,20230124,22003303123,21346000,53%,45124000,9957,92,normal,88,546
1674599898,20230124,22003303123,21346000,53%,45124000,9956,92,normal,88,546
1674602330,20230124,22003303123,21346000,53%,45124000,9955,92,normal,89,547
1674610651,20230125,22003303123,21346000,53%,45124000,9956,92,normal,89,548
1674643131,20230125,22003303123,21346000,53%,45124000,9956,92,normal,89,549
1674656270,20230125,22003303123,21346000,53%,45124000,9955,92,normal,89,549
1674661142,20230125,22003303123,21346000,53%,45124000,9956,92,normal,89,549
1674664007,20230125,22003303123,21346000,53%,45124000,9956,92,normal,89,551
1674668290,20230125,22003303123,21346000,53%,45124000,9956,92,normal,89,552
1674675479,20230125,22003303123,21346000,53%,45124000,9956,96,normal,90,552
1674677985,20230125,22003303123,21346000,53%,45124000,9955,96,normal,90,552
1674686293,20230125,22003303123,21346000,53%,45124000,9956,96,normal,90,552
1674689911,20230125,22003303123,21346000,53%,45124000,9955,96,normal,90,552
1674697287,20230126,22003303123,21346000,53%,45124000,9952,96,normal,90,552
1674707001,20230126,22003303123,21346000,53%,45124000,9952,96,normal,90,553
1674714227,20230126,22003303123,21346000,53%,45124000,9952,96,normal,90,554
1674724703,20230126,22003303123,21346000,53%,45124000,9951,96,normal,90,554
1674733090,20230126,22003303123,21346000,53%,45124000,9951,96,normal,90,555
1674751538,20230126,22003303123,21346000,53%,45124000,9950,96,normal,90,555
1674754689,20230126,22003303123,21346000,53%,45124000,9950,96,normal,90,556
1674757407,20230126,22003303123,21346000,53%,45124000,9950,96,normal,90,557
1674771502,20230126,22003303123,21346000,53%,45124000,9949,96,normal,90,557
1674772691,20230126,22003303123,21346000,53%,45124000,9948,96,normal,90,557
1674775199,20230126,22003303123,21346000,53%,45124000,9947,96,normal,90,556
1674776292,20230126,22003303123,21346000,53%,45124000,9948,96,normal,90,556
1674783728,20230127,22003303123,21346000,53%,45124000,9947,96,normal,90,557
1674793389,20230127,22003303123,21346000,53%,45124000,9946,96,normal,91,557
1674811108,20230127,22003303123,21346000,53%,45124000,9947,96,normal,92,557
1674818177,20230127,22003303123,21346000,53%,45124000,9947,96,normal,92,558
1674822950,20230127,22003303123,21346000,53%,45124000,9946,96,normal,92,558
1674829048,20230127,22003303123,21346000,53%,45124000,9946,96,normal,92,559
1674839850,20230127,22003303123,21346000,53%,45124000,9946,96,normal,92,560
1674850779,20230127,22003303123,21346000,53%,45124000,9946,94,normal,92,560
1674855491,20230127,22003303123,21346000,53%,45124000,9945,94,normal,92,561
1674857891,20230127,22003303123,21346000,53%,45124000,9945,94,normal,93,561
1674859089,20230127,22003303123,21346000,53%,45124000,9945,94,normal,94,561
1674870082,20230128,22003303123,21346000,53%,45124000,9945,94,normal,94,561
1674876019,20230128,22003303123,21346000,53%,45124000,9945,94,normal,94,562
1674879774,20230128,22003303123,21346000,53%,45124000,9946,94,normal,94,562
1674883024,20230128,22003303123,21346000,53%,45124000,9945,94,normal,94,562
1674905888,20230128,22003303123,21346000,53%,45124000,9944,94,normal,94,562
1674915359,20230128,22003303123,21346000,53%,45124000,9943,94,normal,94,562
1674919101,20230128,22003303123,21346000,53%,45124000,9943,94,normal,94,561
1674924228,20230128,22003303123,21346000,53%,45124000,9942,94,normal,94,561
1674927487,20230128,22003303123,21346000,53%,45124000,9941,94,normal,94,562
1674937111,20230128,22003303123,21346000,53%,45124000,9941,93,normal,94,562
1674956730,20230129,22003303123,21346000,53%,45124000,9939,93,normal,94,562
1674976577,20230129,22003303123,21346000,53%,45124000,9739,93,normal,94,562
1674988686,20230129,22003303123,21346000,53%,45124000,9740,93,normal,94,562
1674992296,20230129,22003303123,21346000,53%,45124000,9740,93,normal,94,563
1674995641,20230129,22003303123,21346000,53%,45124000,9739,93,normal,94,563
1675001770,20230129,22003303123,21346000,53%,45124000,9738,93,normal,94,563
1675012575,20230129,22003303123,21346000,53%,45124000,9737,93,normal,94,563
1675016504,20230129,22003303123,21346000,53%,45124000,9736,93,normal,94,563
1675021086,20230129,22003303123,21346000,53%,45124000,9736,90,normal,94,563
1675024700,20230129,22003303123,21346000,53%,45124000,9735,90,normal,94,563
1675034365,20230129,22003303123,21346000,53%,45124000,9735,90,normal,94,564
1675042563,20230130,22003303123,21346000,53%,45124000,9735,90,normal,94,565
1675046429,20230130,22003303123,21846000,52%,45124000,9735,90,normal,94,565
1675048882,20230130,22003303123,23352000,48%,45124000,200,90,normal,94,566
1675049925,20230130,22003303123,23352000,48%,45124000,200,90,normal,94,567
1675067105,20230130,22003303123,23352000,48%,45124000,200,90,normal,94,568
1675092022,20230130,22003303123,23352000,48%,45124000,200,90,normal,94,567
1675110009,20230130,22003303123,23352000,48%,45124000,200,86,normal,94,568
1675117107,20230130,22003303123,23352000,48%,45124000,200,86,normal,95,569
1675129470,20230131,22003303123,23352000,48%,45124000,200,86,normal,95,569
1675193879,20230131,22003303123,23352000,48%,45124000,200,89,normal,95,569
1675196430,20230131,22003303123,23352000,48%,45124000,200,89,normal,95,570
1675197507,20230131,22003303123,23352000,48%,45124000,200,89,normal,95,571
1675216387,20230201,22003303123,23352000,48%,45124000,200,89,normal,96,572
1675220259,20230201,22003303123,23352000,48%,45124000,200,89,normal,96,573
1675232692,20230201,22003303123,23352000,48%,45124000,200,89,normal,96,574
1675235868,20230201,22003303123,23352000,48%,45124000,200,89,normal,96,575
1675248004,20230201,22003303123,23352000,48%,45124000,199,89,normal,96,575
1675280280,20230201,22003303123,23352000,48%,45124000,199,93,normal,96,575
1675289943,20230201,22003303123,23352000,48%,45124000,199,93,normal,96,576
1675294720,20230201,22003303123,23352000,48%,45124000,199,93,normal,96,577
1675302196,20230202,22003303123,23352000,48%,45124000,199,93,normal,96,577
1675308056,20230202,22003303123,22396000,50%,45124000,200,93,normal,96,577
1675320124,20230202,22003303123,22396000,50%,45124000,200,93,normal,96,578
1675329533,20230202,22003303123,20999000,53%,45124000,15,93,normal,96,580
1675330748,20230202,22003303123,20999000,53%,45124000,15,93,normal,96,581
1675333249,20230202,22003303123,20999000,53%,45124000,15,93,normal,96,582
1675334405,20230202,22003303123,20999000,53%,45124000,14,93,normal,96,582
1675336552,20230202,22003303123,20999000,53%,45124000,13,93,normal,96,583
1675344611,20230202,22003303123,22396000,50%,45124000,200,93,normal,96,584
1675345414,20230202,22003303123,22396000,50%,45124000,200,93,normal,96,585
1675347478,20230202,22003303123,22396000,50%,45124000,199,93,normal,97,585
1675348708,20230202,22003303123,22396000,50%,45124000,199,93,normal,98,585
1675351210,20230202,22003303123,20999000,53%,45124000,15,93,normal,99,585
1675355248,20230202,22003303123,22396000,50%,45124000,198,93,normal,99,586
1675362251,20230202,22003303123,20999000,53%,45124000,15,93,normal,99,587
1675365247,20230202,22003303123,22396000,50%,45124000,198,93,normal,99,587
1675369222,20230202,22003303123,22396000,50%,45124000,198,91,normal,99,587
1675372521,20230202,22003303123,20999000,53%,45124000,15,91,normal,99,587
1675373880,20230202,22003303123,20999000,53%,45124000,14,91,normal,99,587
1675376323,20230202,22003303123,22396000,50%,45124000,198,91,normal,99,587
1675388687,20230203,22003303123,22396000,50%,45124000,198,91,normal,99,592
1675392662,20230203,22003303123,22396000,50%,45124000,197,91,normal,99,592
1675430696,20230203,22003303123,22396000,50%,45124000,197,91,normal,100,592
1675438754,20230203,22003303123,22396000,50%,45124000,197,91,normal,100,591
1675441608,20230203,22003303123,22396000,50%,45124000,198,91,normal,100,591
1675453085,20230203,22003303123,22396000,50%,45124000,198,94,normal,100,592
1675462707,20230203,22003303123,22396000,50%,45124000,197,94,normal,100,592
1675474757,20230204,22003303123,22396000,50%,45124000,197,94,normal,100,592
1675478357,20230204,22003303123,22396000,50%,45124000,196,94,normal,100,592
1675480842,20230204,22003303123,21846000,52%,45124000,9901,94,normal,100,592
1675487812,20230204,22003303123,21846000,52%,45124000,9900,94,normal,100,592
1675505933,20230204,22003303123,21846000,52%,45124000,9900,94,normal,100,593
1675510685,20230204,22003303123,21846000,52%,45124000,9900,94,normal,100,594
1675541930,20230204,22003303123,21846000,52%,45124000,9900,89,normal,100,594
1675549047,20230204,22003303123,21846000,52%,45124000,9969,89,normal,100,594
1675553892,20230204,22003303123,21846000,52%,45124000,9968,89,normal,100,594
1675561672,20230205,22003303123,21846000,52%,45124000,9968,89,normal,100,594
1675565528,20230205,22003303123,21846000,52%,45124000,9969,89,normal,100,594
1675588641,20230205,22003303123,21846000,52%,45124000,9968,89,normal,100,594
1675600440,20230205,22003303123,21846000,52%,45124000,9968,89,normal,100,595
1675628344,20230205,22003303123,21846000,52%,45124000,9968,81,normal,100,596
1675635474,20230205,22003303123,21846000,52%,45124000,9968,81,normal,100,597
1675647511,20230206,22003303123,21846000,52%,45124000,9968,81,normal,100,600
1675687126,20230206,22003303123,21846000,52%,45124000,9967,81,normal,100,601
1675690351,20230206,22003303123,21999000,51%,45124000,15,81,normal,100,601
1675693071,20230206,22003303123,21846000,52%,45124000,9982,81,normal,100,603
1675696808,20230206,22003303123,21846000,52%,45124000,9967,81,normal,100,603
1675700816,20230206,22003303123,21846000,52%,45124000,9966,81,normal,100,603
1675702039,20230206,22003303123,21846000,52%,45124000,9965,81,normal,100,603
1675707835,20230206,22003303123,21846000,52%,45124000,9965,81,normal,101,603
1675714862,20230206,22003303123,21846000,52%,45124000,9965,78,normal,101,603
1675719491,20230206,22003303123,21846000,52%,45124000,9964,78,normal,101,603
1675733967,20230207,22003303123,21846000,52%,45124000,9964,78,normal,101,603
1675740060,20230207,22003303123,21846000,52%,45124000,9963,78,normal,101,603
1675758279,20230207,22003303123,21846000,52%,45124000,9969,78,normal,101,603
1675759304,20230207,22003303123,21846000,52%,45124000,9968,78,normal,101,602
1675766375,20230207,22003303123,21846000,52%,45124000,9968,78,normal,101,603
1675773492,20230207,22003303123,21846000,52%,45124000,9969,78,normal,101,603
1675784371,20230207,22003303123,21846000,52%,45124000,9969,78,normal,102,603
1675790321,20230207,22003303123,21846000,52%,45124000,9969,78,normal,102,604
1675794237,20230207,22003303123,21846000,52%,45124000,9969,78,normal,103,604
1675804625,20230207,22003303123,23006000,49%,45124000,15,78,normal,103,604
1675805913,20230207,22003303123,23006000,49%,45124000,15,78,normal,103,605
1675809521,20230207,22003303123,23006000,49%,45124000,15,78,normal,103,606
1675811965,20230207,22003303123,21846000,52%,45124000,9984,78,normal,103,607
1675813136,20230207,22003303123,21846000,52%,45124000,9983,78,normal,103,607
1675820646,20230208,22003303123,21846000,52%,45124000,9983,78,normal,103,608
1675824592,20230208,22003303123,21846000,52%,45124000,9983,78,normal,104,608
1675826624,20230208,22003303123,21846000,52%,45124000,9983,79,normal,104,608
1675833509,20230208,22003303123,21846000,52%,45124000,9983,79,normal,104,609
1675852940,20230208,22003303123,21846000,52%,45124000,9982,79,normal,104,609
1675873676,20230208,22003303123,21846000,52%,45124000,9982,79,normal,104,610
1675880695,20230208,22003303123,21846000,52%,45124000,9982,79,normal,105,610
1675883768,20230208,22003303123,21846000,52%,45124000,9982,80,normal,105,610
1675891048,20230208,22003303123,21846000,52%,45124000,9981,80,normal,106,610
1675906954,20230209,22003303123,21846000,52%,45124000,9980,80,normal,106,610
1675919905,20230209,22003303123,21846000,52%,45124000,9980,80,normal,106,611
1675934386,20230209,22003303123,21846000,52%,45124000,9980,80,normal,106,612
1675938041,20230209,22003303123,21846000,52%,45124000,9980,80,normal,107,612
1675949583,20230209,22003303123,23006000,49%,45124000,15,80,normal,107,614
1675952327,20230209,22003303123,23006000,49%,45124000,15,80,normal,107,616
1675956067,20230209,22003303123,21846000,52%,45124000,9995,80,normal,107,618
1675960098,20230209,22003303123,21846000,52%,45124000,9995,80,normal,107,617
1675963113,20230209,22003303123,21846000,52%,45124000,9994,80,normal,107,617
1675970171,20230209,22003303123,21846000,52%,45124000,9994,79,normal,107,617
1675977455,20230209,22003303123,21846000,52%,45124000,9995,79,normal,107,617
1675993696,20230210,22003303123,21846000,52%,45124000,9995,79,normal,107,617
1676007494,20230210,22003303123,21846000,52%,45124000,9995,79,normal,107,618
1676017518,20230210,22003303123,21846000,52%,45124000,9795,79,normal,107,618
1676027828,20230210,22003303123,21846000,52%,45124000,9795,79,normal,107,619
1676038705,20230210,22003303123,21846000,52%,45124000,9795,79,normal,108,619
1676043613,20230210,22003303123,21846000,52%,45124000,9795,79,normal,109,619
1676054567,20230210,22003303123,21846000,52%,45124000,9794,79,normal,109,619
1676057886,20230210,22003303123,21846000,52%,45124000,9794,80,normal,109,619
