data/history/22003303123.csv
time,date,itemid,price,discount,price_before_discount,stock,sold,item_status,cmt_count,liked_count
1676060445,20230210,22003303123,21846000,52%,45124000,9793,80,normal,109,619
1676071178,20230210,22003303123,21846000,52%,45124000,9792,80,normal,109,619
1676079408,20230211,22003303123,21846000,52%,45124000,9792,80,normal,109,619
1676101101,20230211,22003303123,21846000,52%,45124000,9791,80,normal,109,619
1676144285,20230211,22003303123,21846000,52%,45124000,9791,79,normal,109,619
1676153870,20230211,22003303123,21846000,52%,45124000,9791,79,normal,109,620
1676158716,20230211,22003303123,21846000,52%,45124000,9792,79,normal,109,620
1676166352,20230212,22003303123,21846000,52%,45124000,9791,79,normal,110,621
1676220305,20230212,22003303123,21846000,52%,45124000,9791,79,normal,110,620
1676227222,20230212,22003303123,21846000,52%,45124000,9790,79,normal,110,620
1676229301,20230212,22003303123,21846000,52%,45124000,9790,77,normal,110,620
1676252769,20230213,22003303123,21846000,52%,45124000,9791,77,normal,110,620
1676258745,20230213,22003303123,23352000,48%,45124000,200,77,normal,110,620
1676315781,20230213,22003303123,23352000,48%,45124000,200,75,normal,110,620
1676339189,20230214,22003303123,23352000,48%,45124000,200,75,normal,110,620
1676343071,20230214,22003303123,23352000,48%,45124000,200,75,normal,110,621
1676381366,20230214,22003303123,23352000,48%,45124000,200,75,normal,111,621
1676402164,20230214,22003303123,23352000,48%,45124000,200,79,normal,111,621
1676410705,20230214,22003303123,23352000,48%,45124000,200,79,normal,111,622
1676413154,20230214,22003303123,23352000,48%,45124000,200,79,normal,111,623
1676417919,20230214,22003303123,23352000,48%,45124000,200,79,normal,112,623
1676425583,20230215,22003303123,23352000,48%,45124000,200,79,normal,112,623
1676452810,20230215,22003303123,23352000,48%,45124000,200,79,normal,112,622
1676461113,20230215,22003303123,23352000,48%,45124000,200,79,normal,112,621
1676503220,20230215,22003303123,23352000,48%,45124000,200,79,normal,113,621
1676511939,20230216,22003303123,23352000,48%,45124000,200,79,normal,114,622
1676551113,20230216,22003303123,23352000,48%,45124000,200,79,normal,115,622
1676557125,20230216,22003303123,23352000,48%,45124000,200,79,normal,116,622
1676560868,20230216,22003303123,23352000,48%,45124000,200,79,normal,116,623
1676574906,20230216,22003303123,23352000,48%,45124000,200,80,normal,116,623
1676585960,20230216,22003303123,23352000,48%,45124000,200,80,normal,116,624
1676598528,20230217,22003303123,23352000,48%,45124000,200,80,normal,116,624
1676625583,20230217,22003303123,23352000,48%,45124000,199,80,normal,116,624
1676626762,20230217,22003303123,23352000,48%,45124000,200,80,normal,116,624
1676655499,20230217,22003303123,23352000,48%,45124000,200,80,normal,117,624
1676661358,20230217,22003303123,23352000,48%,45124000,200,80,normal,117,625
1676662692,20230217,22003303123,23352000,48%,45124000,200,78,normal,117,625
1676684558,20230218,22003303123,23352000,48%,45124000,200,78,normal,117,625
1676731095,20230218,22003303123,23352000,48%,45124000,200,78,normal,118,625
1676747689,20230218,22003303123,23352000,48%,45124000,200,75,normal,118,625
1676749088,20230218,22003303123,23352000,48%,45124000,200,75,normal,118,626
1676771171,20230219,22003303123,23352000,48%,45124000,200,75,normal,118,627
1676816217,20230219,22003303123,23352000,48%,45124000,200,75,normal,118,626
1676827000,20230219,22003303123,23352000,48%,45124000,200,75,normal,119,626
1676834104,20230219,22003303123,23352000,48%,45124000,200,79,normal,119,626
1676845095,20230219,22003303123,23352000,48%,45124000,200,79,normal,120,626
1676857616,20230220,22003303123,23352000,48%,45124000,200,79,normal,120,626
1676863509,20230220,22003303123,21846000,52%,45124000,9999,79,normal,120,626
1676864494,20230220,22003303123,21846000,52%,45124000,9999,79,normal,120,627
1676874370,20230220,22003303123,21846000,52%,45124000,9999,79,normal,120,628
1676875448,20230220,22003303123,21846000,52%,45124000,9999,79,normal,120,629
1676900474,20230220,22003303123,21846000,52%,45124000,9999,79,normal,120,628
1676910450,20230220,22003303123,21846000,52%,45124000,9999,79,normal,121,628
1676920539,20230220,22003303123,21846000,52%,45124000,9999,78,normal,121,628
1676924448,20230220,22003303123,21846000,52%,45124000,9999,78,normal,121,629
1676932723,20230220,22003303123,21846000,52%,45124000,9999,78,normal,121,628
1676944041,20230221,22003303123,21846000,52%,45124000,9999,78,normal,121,628
1676947979,20230221,22003303123,21846000,52%,45124000,9998,78,normal,121,628
1676949896,20230221,22003303123,21846000,52%,45124000,9998,78,normal,121,629
1676979499,20230221,22003303123,21846000,52%,45124000,9998,78,normal,122,629
1677003890,20230221,22003303123,21846000,52%,45124000,9997,78,normal,122,629
1677006983,20230221,22003303123,21846000,52%,45124000,9997,79,normal,122,629
1677030221,20230222,22003303123,21846000,52%,45124000,9997,79,normal,122,629
1677036250,20230222,22003303123,21846000,52%,45124000,9997,79,normal,122,630
1677075515,20230222,22003303123,21846000,52%,45124000,9996,79,normal,122,630
1677093301,20230222,22003303123,21846000,52%,45124000,9996,80,normal,122,630
1677116486,20230223,22003303123,21846000,52%,45124000,9996,80,normal,122,630
1677159217,20230223,22003303123,21846000,52%,45124000,9995,80,normal,122,630
1677161987,20230223,22003303123,21846000,52%,45124000,9936,80,normal,122,630
1677179781,20230223,22003303123,21846000,52%,45124000,9936,80,normal,122,631
1677183691,20230223,22003303123,21846000,52%,45124000,9936,76,normal,122,631
1677184787,20230223,22003303123,21846000,52%,45124000,9846,76,normal,122,631
1677192007,20230223,22003303123,21846000,52%,45124000,9846,76,normal,122,630
1677203005,20230224,22003303123,21846000,52%,45124000,9846,76,normal,122,630
1677206990,20230224,22003303123,21846000,52%,45124000,9846,76,normal,123,630
1677209027,20230224,22003303123,21846000,52%,45124000,9846,76,normal,123,631
1677219980,20230224,22003303123,21846000,52%,45124000,9846,76,normal,123,632
1677231549,20230224,22003303123,21846000,52%,45124000,9646,76,normal,123,632
1677235276,20230224,22003303123,21846000,52%,45124000,9649,76,normal,123,632
1677270098,20230224,22003303123,21846000,52%,45124000,9649,73,normal,123,632
1677289481,20230225,22003303123,21846000,52%,45124000,9649,73,normal,123,632
1677352518,20230225,22003303123,21846000,52%,45124000,9649,71,normal,123,632
1677353892,20230225,22003303123,21846000,52%,45124000,9649,71,normal,123,633
1677359814,20230225,22003303123,21846000,52%,45124000,9648,71,normal,123,633
1677380376,20230226,22003303123,21846000,52%,45124000,9648,71,normal,123,633
1677399850,20230226,22003303123,21846000,52%,45124000,9647,71,normal,123,633
1677406825,20230226,22003303123,21846000,52%,45124000,9647,71,normal,124,633
1677438923,20230226,22003303123,21846000,52%,45124000,9647,67,normal,124,633
1677446195,20230226,22003303123,21846000,52%,45124000,9648,67,normal,124,633
1677462344,20230227,22003303123,21846000,52%,45124000,9648,67,normal,124,634
1677469312,20230227,22003303123,23352000,48%,45124000,200,67,normal,124,634
1677471893,20230227,22003303123,21199000,53%,45124000,30,67,normal,124,634
1677473007,20230227,22003303123,21199000,53%,45124000,30,67,normal,124,635
1677482320,20230227,22003303123,21199000,53%,45124000,30,67,normal,124,636
1677486421,20230227,22003303123,21199000,53%,45124000,30,67,normal,124,637
1677489665,20230227,22003303123,23352000,48%,45124000,200,67,normal,124,637
1677525371,20230227,22003303123,23352000,48%,45124000,200,61,normal,124,637
1677548728,20230228,22003303123,21199000,53%,45124000,30,61,normal,124,640
1677552670,20230228,22003303123,21199000,53%,45124000,30,61,normal,124,641
1677554668,20230228,22003303123,23352000,48%,45124000,200,61,normal,124,641
1677587973,20230228,22003303123,23352000,48%,45124000,200,61,normal,125,641
1677619089,20230228,22003303123,23352000,48%,45124000,200,61,normal,126,641
1677626428,20230228,22003303123,23352000,48%,45124000,200,61,normal,126,640
1677635689,20230301,22003303123,23352000,48%,45124000,200,61,normal,126,640
1677642410,20230301,22003303123,23352000,48%,45124000,200,61,normal,127,640
1677644721,20230301,22003303123,23352000,48%,45124000,200,61,normal,127,641
1677666177,20230301,22003303123,23352000,48%,45124000,200,61,normal,127,642
1677698198,20230301,22003303123,23352000,48%,45124000,200,62,normal,127,642
1677709146,20230301,22003303123,23352000,48%,45124000,200,62,normal,127,643
1677721896,20230302,22003303123,23352000,48%,45124000,200,62,normal,127,643
1677755851,20230302,22003303123,23352000,48%,45124000,200,62,normal,128,643
1677784577,20230302,22003303123,23352000,48%,45124000,200,61,normal,128,643
1677809762,20230303,22003303123,23352000,48%,45124000,200,61,normal,128,643
1677829108,20230303,22003303123,23352000,48%,45124000,200,61,normal,129,643
1677860834,20230303,22003303123,23352000,48%,45124000,200,61,normal,130,643
1677870975,20230303,22003303123,23352000,48%,45124000,200,60,normal,130,643
1677881980,20230303,22003303123,23352000,48%,45124000,200,60,normal,131,643
1677894173,20230304,22003303123,23352000,48%,45124000,200,60,normal,131,643
1677957325,20230304,22003303123,23352000,48%,45124000,200,59,normal,131,643
1677981482,20230305,22003303123,21795000,52%,45124000,15,59,normal,131,643
1677985379,20230305,22003303123,23352000,48%,45124000,200,59,normal,131,644
1678007906,20230305,22003303123,21795000,52%,45124000,15,59,normal,131,645
1678011613,20230305,22003303123,21795000,52%,45124000,15,59,normal,131,648
1678014934,20230305,22003303123,21795000,52%,45124000,15,59,normal,131,649
1678019754,20230305,22003303123,21795000,52%,45124000,15,59,normal,131,652
1678023489,20230305,22003303123,21795000,52%,45124000,15,59,normal,131,653
1678029541,20230305,22003303123,21795000,52%,45124000,15,59,normal,131,654
1678033526,20230305,22003303123,21795000,52%,45124000,15,59,normal,131,655
1678036603,20230305,22003303123,23352000,48%,45124000,200,59,normal,131,655
1678045102,20230305,22003303123,23352000,48%,45124000,200,55,normal,131,655
1678067275,20230306,22003303123,23352000,48%,45124000,200,55,normal,131,655
1678073160,20230306,22003303123,21846000,52%,45124000,10000,55,normal,131,655
1678083989,20230306,22003303123,20877000,54%,45124000,10000,55,normal,131,655
1678130189,20230306,22003303123,20877000,54%,45124000,10000,56,normal,131,655
1678153980,20230307,22003303123,20877000,54%,45124000,9999,56,normal,131,655
1678167533,20230307,22003303123,20877000,54%,45124000,9999,56,normal,132,655
1678203639,20230307,22003303123,20877000,54%,45124000,9984,56,normal,132,655
1678210738,20230307,22003303123,20877000,54%,45124000,9984,56,normal,132,656
1678216584,20230307,22003303123,20877000,54%,45124000,9984,57,normal,132,656
1678221597,20230307,22003303123,20877000,54%,45124000,9983,57,normal,132,656
1678223899,20230307,22003303123,20877000,54%,45124000,9982,57,normal,132,656
1678228816,20230307,22003303123,20877000,54%,45124000,9984,57,normal,132,656
1678240192,20230308,22003303123,20877000,54%,45124000,9984,57,normal,133,656
1678365669,20230309,22003303123,20877000,54%,45124000,9983,57,normal,134,659
1678473683,20230310,22003303123,20877000,54%,45124000,9983,57,normal,135,659
1678505903,20230311,22003303123,20877000,54%,45124000,9996,56,normal,135,663
1678549086,20230311,22003303123,20877000,54%,45124000,9996,56,normal,135,664
1678634307,20230312,22003303123,20877000,54%,45124000,9996,52,normal,135,667
1678663109,20230312,22003303123,20877000,54%,45124000,9996,47,normal,135,668
1678786859,20230314,22003303123,20877000,54%,45124000,1,47,normal,136,665
1678807529,20230314,22003303123,20877000,54%,45124000,1,47,normal,136,666
1678835965,20230314,22003303123,20877000,54%,45124000,1,45,normal,136,666
1678922152,20230315,22003303123,21477000,52%,45124000,38,44,normal,137,665
1679570118,20230323,22003303123,20877000,54%,45124000,34,25,normal,137,673
1679578890,20230323,22003303123,20877000,54%,45124000,34,25,normal,137,672
1679664152,20230324,22003303123,20877000,54%,45124000,34,24,normal,137,671
1679668692,20230324,22003303123,20877000,54%,45124000,19,24,normal,137,671
1679690293,20230324,22003303123,20877000,54%,45124000,19,22,normal,137,671
1679707536,20230325,22003303123,20877000,54%,45124000,19,22,normal,137,672
1679750401,20230325,22003303123,20877000,54%,45124000,18,22,normal,137,674
1679776686,20230325,22003303123,20877000,54%,45124000,17,20,normal,137,674
1679843838,20230326,22003303123,20877000,54%,45124000,17,20,normal,137,676
1679847783,20230326,22003303123,20877000,54%,45124000,17,20,normal,137,677
1679865289,20230326,22003303123,21795000,52%,45124000,14,20,normal,137,677
1679868988,20230326,22003303123,21795000,52%,45124000,14,20,normal,137,679
1679872657,20230326,22003303123,20877000,54%,45124000,31,20,normal,137,681
1679880396,20230327,22003303123,20877000,54%,45124000,31,20,normal,137,681
1679959187,20230327,22003303123,20877000,54%,45124000,31,19,normal,137,680
1679967392,20230328,22003303123,20877000,54%,45124000,31,19,normal,137,680
1679995149,20230328,22003303123,20877000,54%,45124000,31,19,normal,137,681
1680041846,20230328,22003303123,20877000,54%,45124000,31,18,normal,137,681
